mode: set
github.com/miroswd/go-hello/test/test.go:8.13,12.2 3 0
github.com/miroswd/go-hello/test/test.go:15.23,18.22 2 1
github.com/miroswd/go-hello/test/test.go:22.2,22.14 1 1
github.com/miroswd/go-hello/test/test.go:18.22,20.3 1 1
github.com/miroswd/go-hello/test/test.go:25.28,28.22 2 1
github.com/miroswd/go-hello/test/test.go:32.2,32.14 1 1
github.com/miroswd/go-hello/test/test.go:28.22,30.3 1 1
